<html>
<body>
<pre>
<h1>µVision Build Log</h1>
<h2>Tool Versions:</h2>
IDE-Version: ?Vision V5.17.0.0
Copyright (C) 2015 ARM Ltd and ARM Germany GmbH. All rights reserved.
License Information: Saruta Thasanthiah KMITL Flex license: MDK-ARM Professional (Eval) (mdk_pro_eval) Operation stops: 20 Oct 2017
 
Tool Versions:
Toolchain:       MDK-ARM Professional (Eval)  Version: 5.17
Toolchain Path:  C:\Keil_v5\ARM\ARMCC\Bin
C Compiler:      Armcc.exe V5.06 update 1 (build 61)
Assembler:       Armasm.exe V5.06 update 1 (build 61)
Linker/Locator:  ArmLink.exe V5.06 update 1 (build 61)
Library Manager: ArmAr.exe V5.06 update 1 (build 61)
Hex Converter:   FromElf.exe V5.06 update 1 (build 61)
CPU DLL:         SARMCM3.DLL V5.17
Dialog DLL:      DCM.DLL V1.13.4.0
Target DLL:      UL2CM3.DLL V1.156.1.0
Dialog DLL:      TCM.DLL V1.14.6.0
 
<h2>Project:</h2>
F:\kmitl\Year 3\ComAr\assigh merge\mergeSortArm\mergeSort.uvprojx
Project File Date:  10/15/2017

<h2>Output:</h2>
*** Using Compiler 'V5.06 update 1 (build 61)', folder: 'C:\Keil_v5\ARM\ARMCC\Bin'
Build target 'Target 1'
assembling main.s...
main.s(38): warning: A1608W: MOV pc,<rn> instruction used, but BX <rn> is preferred
main.s(122): warning: A1609W: MOV <rd>,pc instruction does not set bit zero, so does not create a return address
main.s(166): warning: A1609W: MOV <rd>,pc instruction does not set bit zero, so does not create a return address
main.s(188): warning: A1609W: MOV <rd>,pc instruction does not set bit zero, so does not create a return address
main.s(214): warning: A1608W: MOV pc,<rn> instruction used, but BX <rn> is preferred
linking...
.\Objects\mergeSort.sct(8): warning: L6314W: No section matches pattern *(InRoot$$Sections).
Program Size: Code=516 RO-data=244 RW-data=160 ZI-data=1536  
Finished: 0 information, 1 warning and 0 error messages.
FromELF: creating hex file...
".\Objects\mergeSort.axf" - 0 Error(s), 6 Warning(s).

<h2>Software Packages used:</h2>

Package Vendor: ARM
                http://www.keil.com/pack/ARM.CMSIS.4.5.0.pack
                ARM::CMSIS:CORE:4.3.0
                CMSIS (Cortex Microcontroller Software Interface Standard)
   * Component: CORE Version: 4.3.0

<h2>Collection of Component include folders:</h2>
  F:\kmitl\Year 3\ComAr\assigh merge\mergeSortArm\RTE
  C:\Keil_v5\ARM\PACK\ARM\CMSIS\4.5.0\CMSIS\Include
  C:\Keil_v5\ARM\PACK\ARM\CMSIS\4.5.0\Device\ARM\ARMCM3\Include

<h2>Collection of Component Files used:</h2>

   * Component: ARM::CMSIS:CORE:4.3.0
Build Time Elapsed:  00:00:02
</pre>
</body>
</html>
